Train
[[1422  320]
 [  10 1748]]
Accuracy: 90.57142857142857

Validation
[[405  97]
 [  2 496]]
Accuracy: 90.10000000000001

Testing
[[209  48]
 [  2 242]]
Accuracy: 90.01996007984032
