Train
[[1723   19]
 [ 111 1647]]
Accuracy: 96.28571428571429

Validation
[[495   7]
 [ 27 471]]
Accuracy: 96.6

Testing
[[256   1]
 [ 12 232]]
Accuracy: 97.40518962075848
