Train
[[1609  133]
 [  26 1732]]
Accuracy: 95.45714285714286

Validation
[[458  44]
 [  5 493]]
Accuracy: 95.1

Testing
[[238  19]
 [  3 241]]
Accuracy: 95.60878243512974
