Train
[[1673   69]
 [  46 1712]]
Accuracy: 96.71428571428572

Validation
[[476  26]
 [ 11 487]]
Accuracy: 96.3

Testing
[[247  10]
 [  4 240]]
Accuracy: 97.2055888223553
