Train
[[1686   56]
 [  74 1684]]
Accuracy: 96.28571428571429

Validation
[[486  16]
 [ 19 479]]
Accuracy: 96.5

Testing
[[253   4]
 [  7 237]]
Accuracy: 97.80439121756487
