Train
[[   0 1742]
 [   0 1758]]
Accuracy: 50.228571428571435

Validation
[[  0 502]
 [  0 498]]
Accuracy: 49.8

Testing
[[  0 257]
 [  0 244]]
Accuracy: 48.70259481037924
