Train
[[1693   49]
 [  72 1686]]
Accuracy: 96.54285714285714

Validation
[[488  14]
 [ 19 479]]
Accuracy: 96.7

Testing
[[253   4]
 [  8 236]]
Accuracy: 97.60479041916167
