Train
[[1044  698]
 [   1 1757]]
Accuracy: 80.02857142857142

Validation
[[305 197]
 [  0 498]]
Accuracy: 80.30000000000001

Testing
[[147 110]
 [  0 244]]
Accuracy: 78.0439121756487
