Train
[[1595  147]
 [  33 1725]]
Accuracy: 94.85714285714286

Validation
[[458  44]
 [ 10 488]]
Accuracy: 94.6

Testing
[[235  22]
 [  6 238]]
Accuracy: 94.41117764471058
