Train
[[1659   83]
 [  40 1718]]
Accuracy: 96.48571428571428

Validation
[[478  24]
 [ 11 487]]
Accuracy: 96.5

Testing
[[250   7]
 [  6 238]]
Accuracy: 97.40518962075848
