Train
[[1592  150]
 [ 137 1621]]
Accuracy: 91.8

Validation
[[457  45]
 [ 37 461]]
Accuracy: 91.8

Testing
[[227  30]
 [ 28 216]]
Accuracy: 88.42315369261478
