Train
[[1636  106]
 [  79 1679]]
Accuracy: 94.71428571428572

Validation
[[473  29]
 [ 20 478]]
Accuracy: 95.1

Testing
[[245  12]
 [ 11 233]]
Accuracy: 95.40918163672654
