k: 1
	average: 3.6792015968063874

k: 2
	average: 3.4992015968063876

k: 3
	average: 3.479201596806387

k: 4
	average: 3.4192814371257483

k: 5
	average: 3.3792814371257487

k: 6
	average: 3.1992814371257485

k: 7
	average: 3.2192814371257485

k: 8
	average: 3.159321357285429

k: 9
	average: 3.1793213572854286

k: 10
	average: 3.0792814371257484

k: 11
	average: 2.9992814371257484

k: 12
	average: 2.819281437125748

k: 13
	average: 2.799281437125748

k: 14
	average: 2.7193213572854296

k: 15
	average: 2.739321357285429

k: 16
	average: 2.699321357285429

k: 17
	average: 2.699281437125749

k: 18
	average: 2.699281437125749

k: 19
	average: 2.659281437125749

k: 20
	average: 2.7192814371257485

k: 21
	average: 2.6792814371257485

k: 22
	average: 2.6992814371257485

k: 23
	average: 2.679321357285429

k: 24
	average: 2.659281437125748

k: 25
	average: 2.6392814371257485

k: 26
	average: 2.679281437125749

k: 27
	average: 2.679281437125749

k: 28
	average: 2.719281437125749

k: 29
	average: 2.699281437125749

k: 30
	average: 2.7592814371257486

k: 31
	average: 2.7192814371257485

k: 32
	average: 2.7192814371257485

k: 33
	average: 2.699281437125749

k: 34
	average: 2.7192814371257485

k: 35
	average: 2.699281437125749

k: 36
	average: 2.6792814371257485

k: 37
	average: 2.699241516966068

k: 38
	average: 2.6392814371257485

k: 39
	average: 2.6392814371257485

k: 40
	average: 2.6392814371257485
